// Jest Snapshot v1, https://goo.gl/fbAQLP

exports[`components UserPreferencesPanel render after preferences are fetched renders preferences for all categories 1`] = `
.emotion-0 {
  position: absolute;
  bottom: 0;
  top: 0;
  background: #FFFFFF;
  color: #3A424D;
  right: 0;
  left: 0;
  display: -webkit-box;
  display: -webkit-flex;
  display: -ms-flexbox;
  display: flex;
  -webkit-flex-direction: column;
  -ms-flex-direction: column;
  flex-direction: column;
  border-radius: 8px 8px!important;
}

.emotion-0 .uppercase {
  text-transform: uppercase;
}

.emotion-0 button.close svg {
  height: 18px;
}

.emotion-0 .content {
  -webkit-flex: 1;
  -ms-flex: 1;
  flex: 1;
  margin: 4px;
  padding: 16px 20px!important;
  overflow-y: scroll;
}

.emotion-1 {
  -webkit-backface-visibility: visible;
  backface-visibility: visible;
  -webkit-background-clip: border-box;
  background-clip: border-box;
  background-color: transparent;
  background-origin: padding-box;
  -webkit-background-position: 0 0;
  background-position: 0 0;
  -webkit-background-size: auto;
  background-size: auto;
  border-radius: 0;
  border: 0;
  box-shadow: none;
  box-sizing: content-box;
  clear: none;
  clip: auto;
  color: inherit;
  cursor: auto;
  direction: inherit;
  display: block;
  left: auto;
  font-family: -apple-system,BlinkMacSystemFont,'Segoe UI',Roboto,Oxygen-Sans,Ubuntu,Cantarell,'Helvetica Neue',sans-serif;
  font-size: 14px;
  font-weight: normal;
  height: auto;
  -webkit-hyphens: manual;
  -moz-hyphens: manual;
  -ms-hyphens: manual;
  hyphens: manual;
  letter-spacing: normal;
  line-height: 1;
  margin: 0;
  max-height: none;
  max-width: none;
  min-height: 0;
  min-width: 0;
  opacity: 1;
  outline: invert none medium;
  padding: 0;
  perspective: none;
  position: static;
  right: auto;
  top: auto;
  -webkit-transform: none;
  -moz-transform: none;
  -ms-transform: none;
  transform: none;
  text-align: left;
  -webkit-text-decoration: none;
  text-decoration: none;
  vertical-align: baseline;
  visibility: inherit;
  white-space: normal;
  width: auto;
  word-spacing: normal;
  z-index: auto;
  -webkit-align-items: center;
  -webkit-box-align: center;
  -ms-flex-align: center;
  align-items: center;
  background: rgb(52, 152, 244)!important;
  color: white;
  display: -webkit-box;
  display: -webkit-flex;
  display: -ms-flexbox;
  display: flex;
  font-family: -apple-system,BlinkMacSystemFont,"Segoe UI",Roboto,Oxygen-Sans,Ubuntu,Cantarell,"Helvetica Neue",sans-serif!important;
  font-size: 14px!important;
  -webkit-box-pack: justify;
  -webkit-justify-content: space-between;
  justify-content: space-between;
  text-align: left!important;
  text-transform: none!important;
  padding: 16px 24px!important;
  -webkit-flex-shrink: 0!important;
  -ms-flex-negative: 0!important;
  flex-shrink: 0!important;
}

.emotion-1 div,
.emotion-1 span,
.emotion-1 p,
.emotion-1 a,
.emotion-1 strong,
.emotion-1 b,
.emotion-1 u,
.emotion-1 i,
.emotion-1 ol,
.emotion-1 ul,
.emotion-1 li,
.emotion-1 form,
.emotion-1 label,
.emotion-1 table,
.emotion-1 tr,
.emotion-1 th,
.emotion-1 td,
.emotion-1 article,
.emotion-1 aside,
.emotion-1 footer,
.emotion-1 header,
.emotion-1 nav,
.emotion-1 section {
  margin: 0;
  padding: 0;
  border: 0;
  font-size: 100%;
  font: inherit;
  vertical-align: baseline;
}

.emotion-1 a {
  cursor: pointer!important;
  color: inherit!important;
}

.emotion-1 button {
  background: transparent;
  border: none;
  font-size: inherit!important;
  color: inherit;
  padding: 0;
  cursor: pointer!important;
}

.emotion-1:first-of-type {
  border-radius: 8px 8px 0 0!important;
}

.emotion-1:last-of-type {
  border-radius: 0 0 8px 8px!important;
}

.emotion-2 {
  display: grid;
  gap: 1rem;
  grid-template-columns: 2fr 1fr 1fr 1fr;
}

.emotion-3 {
  opacity: 0.8;
  text-transform: uppercase;
  font-size: 0.7rem!important;
}

.emotion-6 {
  -webkit-backface-visibility: visible;
  backface-visibility: visible;
  -webkit-background-clip: border-box;
  background-clip: border-box;
  background-color: transparent;
  background-origin: padding-box;
  -webkit-background-position: 0 0;
  background-position: 0 0;
  -webkit-background-size: auto;
  background-size: auto;
  border-radius: 0;
  border: 0;
  box-shadow: none;
  box-sizing: content-box;
  clear: none;
  clip: auto;
  color: inherit;
  cursor: auto;
  direction: inherit;
  display: block;
  left: auto;
  font-family: -apple-system,BlinkMacSystemFont,'Segoe UI',Roboto,Oxygen-Sans,Ubuntu,Cantarell,'Helvetica Neue',sans-serif;
  font-size: 14px;
  font-weight: normal;
  height: auto;
  -webkit-hyphens: manual;
  -moz-hyphens: manual;
  -ms-hyphens: manual;
  hyphens: manual;
  letter-spacing: normal;
  line-height: 1;
  margin: 0;
  max-height: none;
  max-width: none;
  min-height: 0;
  min-width: 0;
  opacity: 1;
  outline: invert none medium;
  padding: 0;
  perspective: none;
  position: static;
  right: auto;
  top: auto;
  -webkit-transform: none;
  -moz-transform: none;
  -ms-transform: none;
  transform: none;
  text-align: left;
  -webkit-text-decoration: none;
  text-decoration: none;
  vertical-align: baseline;
  visibility: inherit;
  white-space: normal;
  width: auto;
  word-spacing: normal;
  z-index: auto;
  background: rgb(52, 152, 244);
  color: rgba(255, 255, 255, 0.75)!important;
  font-family: -apple-system,BlinkMacSystemFont,"Segoe UI",Roboto,Oxygen-Sans,Ubuntu,Cantarell,"Helvetica Neue",sans-serif!important;
  text-align: left!important;
  font-size: 14px!important;
  padding: 12px 24px!important;
  -webkit-flex-shrink: 0!important;
  -ms-flex-negative: 0!important;
  flex-shrink: 0!important;
}

.emotion-6 div,
.emotion-6 span,
.emotion-6 p,
.emotion-6 a,
.emotion-6 strong,
.emotion-6 b,
.emotion-6 u,
.emotion-6 i,
.emotion-6 ol,
.emotion-6 ul,
.emotion-6 li,
.emotion-6 form,
.emotion-6 label,
.emotion-6 table,
.emotion-6 tr,
.emotion-6 th,
.emotion-6 td,
.emotion-6 article,
.emotion-6 aside,
.emotion-6 footer,
.emotion-6 header,
.emotion-6 nav,
.emotion-6 section {
  margin: 0;
  padding: 0;
  border: 0;
  font-size: 100%;
  font: inherit;
  vertical-align: baseline;
}

.emotion-6 a {
  cursor: pointer!important;
  color: inherit!important;
}

.emotion-6 button {
  background: transparent;
  border: none;
  font-size: inherit!important;
  color: inherit;
  padding: 0;
  cursor: pointer!important;
}

.emotion-6:first-of-type {
  border-radius: 8px 8px 0 0!important;
}

.emotion-6:last-of-type {
  border-radius: 0 0 8px 8px!important;
}

.emotion-6 span {
  color: white!important;
}

.emotion-6 span a {
  color: white;
  margin-right: 16px!important;
  opacity: 0.75;
  display: block;
}

.emotion-7 {
  padding: 2px 0!important;
}

<div>
  <div
    class="emotion-0"
  >
    <div
      class="emotion-1"
    >
      <p>
        PREFERENCES
      </p>
      <button
        class="close"
      >
        <svg
          fill="none"
          stroke="currentColor"
          viewBox="0 0 24 24"
          xmlns="http://www.w3.org/2000/svg"
        >
          <path
            d="M6 18L18 6M6 6l12 12"
            stroke-linecap="round"
            stroke-linejoin="round"
            stroke-width="2"
          />
        </svg>
      </button>
    </div>
    <div
      class="content"
    >
      <div
        class="emotion-2"
      >
        <div />
        <div
          class="emotion-3"
        >
          In-app
        </div>
        <div
          class="emotion-3"
        >
          Email
        </div>
        <div
          class="emotion-3"
        >
          Web push
        </div>
        <div>
          Comments
        </div>
        <div>
          <div>
            <input
              id="comments-inapp"
              type="checkbox"
            />
          </div>
        </div>
        <div>
          <div>
            <input
              id="comments-email"
              type="checkbox"
            />
          </div>
        </div>
        <div>
          <div>
            <input
              id="comments-web-push"
              type="checkbox"
            />
          </div>
        </div>
      </div>
    </div>
    <div
      class="emotion-6"
    >
      <div
        class="emotion-7"
      >
        <a
          href="https://magicbell.io/?utm_source=widget"
          rel="noopener noreferrer"
          target="_blank"
        >
          <svg
            aria-label="MagicBell logo"
            fill="currentColor"
            height="16"
            role="img"
            viewBox="0 0 516 100"
            width="64"
            xmlns="http://www.w3.org/2000/svg"
          >
            <path
              clip-rule="evenodd"
              d="M1.77 72.8a1.73 1.73 0 01-1.53-2.61l2.79-5s0 .09 4.22-7.55c3.2-5.42 6.2-12.25 6.2-20.25V26.6c0-11.05 9-26.6 26.61-26.6 9.88 0 17 4.49 21.39 10.52a.68.68 0 01.36.09l9.64 2.69a2.55 2.55 0 011.17 4.23l-5.93 6c.09 1.08.18 2.06.18 3.14v10.7c0 7.46 2.52 13.84 5.3 19l3.78 8.27s0-.09 2.6 5.57a1.76 1.76 0 01-1.61 2.52l-75.17.07zM18.85 62h2.24c4.86 0 36-4.49 36-33.34 0-7.64-5.66-17.08-17.07-17.08s-17.08 10-17.08 17.08v6.92c0 5.12-.09 10.52-2.42 16.72-.9 2.24-2.25 5-3.24 7a1.84 1.84 0 001.57 2.7zm-1 21.58a1.59 1.59 0 00-1.51 2.2v.1a22.83 22.83 0 005.35 7.37 25.108 25.108 0 008.07 5 26.818 26.818 0 0019.06 0 25.27 25.27 0 008.08-5 23 23 0 005.35-7.37v-.1a1.578 1.578 0 00-1.51-2.2h-7.46a2 2 0 00-1.58.86 13.63 13.63 0 01-1.92 2.18 15 15 0 01-4.79 3 15.87 15.87 0 01-11.3 0 15 15 0 01-4.79-3 14.157 14.157 0 01-1.92-2.18 1.93 1.93 0 00-1.53-.86h-7.6z"
              fill-rule="evenodd"
            />
            <path
              d="M491.772 9.82h-6.29a1.8 1.8 0 00-1.8 1.8v60.21a1.8 1.8 0 001.8 1.8h6.29a1.8 1.8 0 001.8-1.8V11.62a1.8 1.8 0 00-1.8-1.8zM180.451 73.63h-6.29a1.798 1.798 0 01-1.8-1.79V25.38a.448.448 0 00-.654-.396.45.45 0 00-.206.216l-12.92 29.54a1.787 1.787 0 01-1.65 1.07h-7.48a1.777 1.777 0 01-1.65-1.07L134.621 25a.45.45 0 00-.86.18v46.66a1.799 1.799 0 01-1.8 1.79h-6.29a1.798 1.798 0 01-1.8-1.79V11.62a1.811 1.811 0 011.8-1.8h11.88a1.8 1.8 0 011.65 1.08l13.55 30.83a.447.447 0 00.415.276.449.449 0 00.415-.276l13.27-30.82a1.821 1.821 0 011.66-1.09h11.94a1.8 1.8 0 011.8 1.8v60.22a1.8 1.8 0 01-.528 1.27 1.781 1.781 0 01-1.272.52zm333.2-63.81h-6.29a1.8 1.8 0 00-1.8 1.8v60.21a1.8 1.8 0 001.8 1.8h6.29a1.8 1.8 0 001.8-1.8V11.62a1.8 1.8 0 00-1.8-1.8zm-93.279 40.23a14.48 14.48 0 00-2.78-4.86 15.75 15.75 0 00-4.68-3.59 10.513 10.513 0 00-1.46-.6 20.37 20.37 0 00-2.57-.85c-.934-.15-1.876-.25-2.82-.3a.22.22 0 01-.22-.22.216.216 0 01.133-.213.218.218 0 01.087-.017 11.75 11.75 0 002.22-.57c.42-.16.84-.34 1.25-.53a11.27 11.27 0 001.09-.56 15.782 15.782 0 003.5-2.87 12.28 12.28 0 002.48-3.87c.626-1.574.932-3.257.9-4.95 0-5.31-2-9.27-5.85-12.06-3.85-2.79-9.09-4.13-15.75-4.13h-13.69a1.788 1.788 0 00-1.76 1.76h-.27v60.21a1.81 1.81 0 001.79 1.81h17.29c2.918.034 5.826-.36 8.63-1.17a21.302 21.302 0 007-3.43 14.7 14.7 0 004.69-5.58 16.826 16.826 0 001.7-7.83 16.552 16.552 0 00-.91-5.58zm-30.05-29.61a1.807 1.807 0 011.8-1.8h3.41a13.8 13.8 0 017.92 2.07c2 1.36 3 3.51 3 6.39a8.546 8.546 0 01-2.61 6.57c-1.72 1.63-4.32 2.43-7.74 2.43h-4a1.802 1.802 0 01-1.8-1.79l.02-13.87zm17.18 41.76c-1.88 1.8-4.67 2.7-8.45 2.7h-6.84a1.81 1.81 0 01-1.8-1.8V46.63a1.807 1.807 0 011.8-1.8h5.94c3.95 0 6.93.9 9 2.71a9.076 9.076 0 013.07 7.29 10.015 10.015 0 01-2.72 7.37zm-58.891-34.04a22 22 0 018 1.35 20.286 20.286 0 015.84 3.41 16.373 16.373 0 013.77 4.58 18.482 18.482 0 011.62 3.69.928.928 0 01-.9 1.17h-7.91a1.897 1.897 0 01-1.62-1 9.8 9.8 0 00-4-3.87 12.139 12.139 0 00-13.3 2.16 15.26 15.26 0 00-4.4 11.06 14.872 14.872 0 006.74 12.59 11.998 11.998 0 006.25 1.7c2.78 0 4.94-.63 6.47-2a12.785 12.785 0 002.87-3.51 1.736 1.736 0 011.53-.9h7.88a.892.892 0 01.81 1.26 27.933 27.933 0 01-2.07 4.41 20.468 20.468 0 01-4 4.76 19.534 19.534 0 01-5.84 3.33 23.275 23.275 0 01-7.82 1.25 24.747 24.747 0 01-9-1.61 19.527 19.527 0 01-7.19-4.68 20.684 20.684 0 01-4.76-7.19 24 24 0 01-1.71-9.34c-.029-2.97.507-5.92 1.58-8.69a22.502 22.502 0 014.49-7.19 20.002 20.002 0 017.1-4.86 22.152 22.152 0 019.57-1.88zM311.352 9.98h-1.07a5.02 5.02 0 00-5.02 5.02v.03a5.02 5.02 0 005.02 5.02h1.07a5.02 5.02 0 005.02-5.02V15a5.02 5.02 0 00-5.02-5.02zm2.529 18.34h-6.21a1.8 1.8 0 00-1.8 1.8V72a1.8 1.8 0 001.8 1.8h6.21a1.8 1.8 0 001.8-1.8V30.12a1.8 1.8 0 00-1.8-1.8zm138.419-.16a21 21 0 019.54 2 20.408 20.408 0 016.67 5.13 20.992 20.992 0 013.87 7.12 24.435 24.435 0 011.26 8v1.17a1.811 1.811 0 01-1.8 1.8h-29.18a1.855 1.855 0 00-1.393.669 1.855 1.855 0 00-.407 1.49c.174.898.446 1.773.81 2.61a13.625 13.625 0 002.79 4 13.852 13.852 0 004.05 2.7 11.237 11.237 0 004.87 1 11.88 11.88 0 005.58-1.26 11.46 11.46 0 003.42-2.88 1.883 1.883 0 011.44-.72h7.93a.917.917 0 01.916.896.912.912 0 01-.106.455 34.624 34.624 0 01-2.11 3.37 17.758 17.758 0 01-4.15 4.05 20.816 20.816 0 01-5.67 2.79 22.407 22.407 0 01-7.2 1.08 23.368 23.368 0 01-9.1-1.71 22.352 22.352 0 01-7.2-4.77 22.07 22.07 0 01-4.68-7.29 26.313 26.313 0 01-1.71-9.37 24.373 24.373 0 011.44-8.55 22.56 22.56 0 014.27-7.12A20.252 20.252 0 01443.2 30a21.319 21.319 0 019.1-1.84zm0 7.47a10.74 10.74 0 00-4.6.9 12.005 12.005 0 00-3.51 2.34 10.581 10.581 0 00-2.34 3.34 9.559 9.559 0 00-.63 1.71 1.745 1.745 0 00.278 1.563 1.739 1.739 0 001.432.687h18.64a1.77 1.77 0 001.71-2.25 11.534 11.534 0 00-6.57-7.48 11.661 11.661 0 00-4.41-.81zM228.341 30v4a.438.438 0 01-.287.423.44.44 0 01-.493-.133c-.46-.52-1-1-1.48-1.58a14.818 14.818 0 00-3-2.31 17.44 17.44 0 00-3.88-1.65 17.008 17.008 0 00-4.81-.62 20.608 20.608 0 00-8.18 1.64 20.917 20.917 0 00-6.76 4.62 21.275 21.275 0 00-4.58 7.11 24.481 24.481 0 00-1.69 9.26 25.154 25.154 0 001.82 10 21.997 21.997 0 004.76 7.16 19.298 19.298 0 006.59 4.32 19.886 19.886 0 007.29 1.42 17.14 17.14 0 008.86-2.09 23.029 23.029 0 005.05-4 .45.45 0 01.77.31v4a1.798 1.798 0 001.8 1.79h6.33a1.8 1.8 0 001.8-1.79V30a1.803 1.803 0 00-1.8-1.79h-6.29a1.8 1.8 0 00-1.82 1.79zm0 25.5a10.7 10.7 0 01-.44 1.23 14.142 14.142 0 01-2.8 4.36 12.612 12.612 0 01-4 2.84 14.359 14.359 0 01-5.73 1 12.366 12.366 0 01-4.79-1.18 11.64 11.64 0 01-4-3.21 13.211 13.211 0 01-2.4-4.54 18.2 18.2 0 01-.75-5.2c.002-1.735.276-3.46.81-5.11a13.713 13.713 0 012.4-4.54 11.64 11.64 0 014-3.21 12.939 12.939 0 015.81-1.24 12.002 12.002 0 014.9 1 11.71 11.71 0 014 2.88 13.68 13.68 0 012.67 4.54c.136.357.253.72.35 1.09.43 1.56.642 3.172.63 4.79a14.914 14.914 0 01-.66 4.45v.05zm55.03-25.5v4a.452.452 0 01-.79.29c-.45-.52-.94-1-1.48-1.58a14.54 14.54 0 00-3-2.31 17.35 17.35 0 00-3.87-1.65 17.003 17.003 0 00-4.81-.62 20.618 20.618 0 00-14.9 6.23 21.29 21.29 0 00-4.58 7.11 24.321 24.321 0 00-1.69 9.26c-.08 3.422.54 6.825 1.82 10a21.996 21.996 0 004.76 7.16 19.372 19.372 0 006.58 4.32 19.998 19.998 0 007.3 1.42 17.07 17.07 0 008.85-2.09 22.993 22.993 0 005.06-4 .45.45 0 01.77.31v6.37c.01.19.01.38 0 .57a12.692 12.692 0 01-12.74 12 16.071 16.071 0 01-9.47-2.79 5.679 5.679 0 01-1.83-2.15 1.825 1.825 0 00-1.68-1.19h-7.52a.906.906 0 00-.859.626.893.893 0 00-.041.374c.144 1.849.69 3.644 1.6 5.26.215.396.452.78.71 1.15 3.8 5.5 11.63 8.69 19.05 8.69a22.599 22.599 0 0022.62-21.39V30a1.782 1.782 0 00-1.086-1.696 1.798 1.798 0 00-.694-.144h-6.29a1.794 1.794 0 00-1.668 1.14 1.783 1.783 0 00-.122.7zm-.44 26.73a14.162 14.162 0 01-2.81 4.27 12.523 12.523 0 01-4 2.85c-1.497.67-3.12 1.01-4.76 1a12.908 12.908 0 01-5.74-1.21 11.688 11.688 0 01-4.05-3.21 12.992 12.992 0 01-2.36-4.43 18.2 18.2 0 01-.75-5.2 16.662 16.662 0 01.8-5.11 13.732 13.732 0 012.4-4.54 11.69 11.69 0 014.05-3.21 12.911 12.911 0 015.74-1.24 12.063 12.063 0 014.9 1 11.701 11.701 0 014 2.88 13.663 13.663 0 012.67 4.54c.13.36.25.72.35 1.09a17.43 17.43 0 01.63 4.66V51a14.9 14.9 0 01-.63 4.42c-.125.427-.272.848-.44 1.26v.05z"
            />
          </svg>
        </a>
      </div>
    </div>
  </div>
</div>
`;

exports[`components UserPreferencesPanel render before preferences are fetched renders a container for notification preferences 1`] = `
.emotion-0 {
  position: absolute;
  bottom: 0;
  top: 0;
  background: #FFFFFF;
  color: #3A424D;
  right: 0;
  left: 0;
  display: -webkit-box;
  display: -webkit-flex;
  display: -ms-flexbox;
  display: flex;
  -webkit-flex-direction: column;
  -ms-flex-direction: column;
  flex-direction: column;
  border-radius: 8px 8px!important;
}

.emotion-0 .uppercase {
  text-transform: uppercase;
}

.emotion-0 button.close svg {
  height: 18px;
}

.emotion-0 .content {
  -webkit-flex: 1;
  -ms-flex: 1;
  flex: 1;
  margin: 4px;
  padding: 16px 20px!important;
  overflow-y: scroll;
}

.emotion-1 {
  -webkit-backface-visibility: visible;
  backface-visibility: visible;
  -webkit-background-clip: border-box;
  background-clip: border-box;
  background-color: transparent;
  background-origin: padding-box;
  -webkit-background-position: 0 0;
  background-position: 0 0;
  -webkit-background-size: auto;
  background-size: auto;
  border-radius: 0;
  border: 0;
  box-shadow: none;
  box-sizing: content-box;
  clear: none;
  clip: auto;
  color: inherit;
  cursor: auto;
  direction: inherit;
  display: block;
  left: auto;
  font-family: -apple-system,BlinkMacSystemFont,'Segoe UI',Roboto,Oxygen-Sans,Ubuntu,Cantarell,'Helvetica Neue',sans-serif;
  font-size: 14px;
  font-weight: normal;
  height: auto;
  -webkit-hyphens: manual;
  -moz-hyphens: manual;
  -ms-hyphens: manual;
  hyphens: manual;
  letter-spacing: normal;
  line-height: 1;
  margin: 0;
  max-height: none;
  max-width: none;
  min-height: 0;
  min-width: 0;
  opacity: 1;
  outline: invert none medium;
  padding: 0;
  perspective: none;
  position: static;
  right: auto;
  top: auto;
  -webkit-transform: none;
  -moz-transform: none;
  -ms-transform: none;
  transform: none;
  text-align: left;
  -webkit-text-decoration: none;
  text-decoration: none;
  vertical-align: baseline;
  visibility: inherit;
  white-space: normal;
  width: auto;
  word-spacing: normal;
  z-index: auto;
  -webkit-align-items: center;
  -webkit-box-align: center;
  -ms-flex-align: center;
  align-items: center;
  background: rgb(52, 152, 244)!important;
  color: white;
  display: -webkit-box;
  display: -webkit-flex;
  display: -ms-flexbox;
  display: flex;
  font-family: -apple-system,BlinkMacSystemFont,"Segoe UI",Roboto,Oxygen-Sans,Ubuntu,Cantarell,"Helvetica Neue",sans-serif!important;
  font-size: 14px!important;
  -webkit-box-pack: justify;
  -webkit-justify-content: space-between;
  justify-content: space-between;
  text-align: left!important;
  text-transform: none!important;
  padding: 16px 24px!important;
  -webkit-flex-shrink: 0!important;
  -ms-flex-negative: 0!important;
  flex-shrink: 0!important;
}

.emotion-1 div,
.emotion-1 span,
.emotion-1 p,
.emotion-1 a,
.emotion-1 strong,
.emotion-1 b,
.emotion-1 u,
.emotion-1 i,
.emotion-1 ol,
.emotion-1 ul,
.emotion-1 li,
.emotion-1 form,
.emotion-1 label,
.emotion-1 table,
.emotion-1 tr,
.emotion-1 th,
.emotion-1 td,
.emotion-1 article,
.emotion-1 aside,
.emotion-1 footer,
.emotion-1 header,
.emotion-1 nav,
.emotion-1 section {
  margin: 0;
  padding: 0;
  border: 0;
  font-size: 100%;
  font: inherit;
  vertical-align: baseline;
}

.emotion-1 a {
  cursor: pointer!important;
  color: inherit!important;
}

.emotion-1 button {
  background: transparent;
  border: none;
  font-size: inherit!important;
  color: inherit;
  padding: 0;
  cursor: pointer!important;
}

.emotion-1:first-of-type {
  border-radius: 8px 8px 0 0!important;
}

.emotion-1:last-of-type {
  border-radius: 0 0 8px 8px!important;
}

.emotion-2 {
  display: grid;
  gap: 1rem;
  grid-template-columns: 2fr 1fr 1fr 1fr;
}

.emotion-3 {
  opacity: 0.8;
  text-transform: uppercase;
  font-size: 0.7rem!important;
}

.emotion-6 {
  -webkit-backface-visibility: visible;
  backface-visibility: visible;
  -webkit-background-clip: border-box;
  background-clip: border-box;
  background-color: transparent;
  background-origin: padding-box;
  -webkit-background-position: 0 0;
  background-position: 0 0;
  -webkit-background-size: auto;
  background-size: auto;
  border-radius: 0;
  border: 0;
  box-shadow: none;
  box-sizing: content-box;
  clear: none;
  clip: auto;
  color: inherit;
  cursor: auto;
  direction: inherit;
  display: block;
  left: auto;
  font-family: -apple-system,BlinkMacSystemFont,'Segoe UI',Roboto,Oxygen-Sans,Ubuntu,Cantarell,'Helvetica Neue',sans-serif;
  font-size: 14px;
  font-weight: normal;
  height: auto;
  -webkit-hyphens: manual;
  -moz-hyphens: manual;
  -ms-hyphens: manual;
  hyphens: manual;
  letter-spacing: normal;
  line-height: 1;
  margin: 0;
  max-height: none;
  max-width: none;
  min-height: 0;
  min-width: 0;
  opacity: 1;
  outline: invert none medium;
  padding: 0;
  perspective: none;
  position: static;
  right: auto;
  top: auto;
  -webkit-transform: none;
  -moz-transform: none;
  -ms-transform: none;
  transform: none;
  text-align: left;
  -webkit-text-decoration: none;
  text-decoration: none;
  vertical-align: baseline;
  visibility: inherit;
  white-space: normal;
  width: auto;
  word-spacing: normal;
  z-index: auto;
  background: rgb(52, 152, 244);
  color: rgba(255, 255, 255, 0.75)!important;
  font-family: -apple-system,BlinkMacSystemFont,"Segoe UI",Roboto,Oxygen-Sans,Ubuntu,Cantarell,"Helvetica Neue",sans-serif!important;
  text-align: left!important;
  font-size: 14px!important;
  padding: 12px 24px!important;
  -webkit-flex-shrink: 0!important;
  -ms-flex-negative: 0!important;
  flex-shrink: 0!important;
}

.emotion-6 div,
.emotion-6 span,
.emotion-6 p,
.emotion-6 a,
.emotion-6 strong,
.emotion-6 b,
.emotion-6 u,
.emotion-6 i,
.emotion-6 ol,
.emotion-6 ul,
.emotion-6 li,
.emotion-6 form,
.emotion-6 label,
.emotion-6 table,
.emotion-6 tr,
.emotion-6 th,
.emotion-6 td,
.emotion-6 article,
.emotion-6 aside,
.emotion-6 footer,
.emotion-6 header,
.emotion-6 nav,
.emotion-6 section {
  margin: 0;
  padding: 0;
  border: 0;
  font-size: 100%;
  font: inherit;
  vertical-align: baseline;
}

.emotion-6 a {
  cursor: pointer!important;
  color: inherit!important;
}

.emotion-6 button {
  background: transparent;
  border: none;
  font-size: inherit!important;
  color: inherit;
  padding: 0;
  cursor: pointer!important;
}

.emotion-6:first-of-type {
  border-radius: 8px 8px 0 0!important;
}

.emotion-6:last-of-type {
  border-radius: 0 0 8px 8px!important;
}

.emotion-6 span {
  color: white!important;
}

.emotion-6 span a {
  color: white;
  margin-right: 16px!important;
  opacity: 0.75;
  display: block;
}

.emotion-7 {
  padding: 2px 0!important;
}

<div>
  <div
    class="emotion-0"
  >
    <div
      class="emotion-1"
    >
      <p>
        PREFERENCES
      </p>
      <button
        class="close"
      >
        <svg
          fill="none"
          stroke="currentColor"
          viewBox="0 0 24 24"
          xmlns="http://www.w3.org/2000/svg"
        >
          <path
            d="M6 18L18 6M6 6l12 12"
            stroke-linecap="round"
            stroke-linejoin="round"
            stroke-width="2"
          />
        </svg>
      </button>
    </div>
    <div
      class="content"
    >
      <div
        class="emotion-2"
      >
        <div />
        <div
          class="emotion-3"
        >
          In-app
        </div>
        <div
          class="emotion-3"
        >
          Email
        </div>
        <div
          class="emotion-3"
        >
          Web push
        </div>
      </div>
    </div>
    <div
      class="emotion-6"
    >
      <div
        class="emotion-7"
      >
        <a
          href="https://magicbell.io/?utm_source=widget"
          rel="noopener noreferrer"
          target="_blank"
        >
          <svg
            aria-label="MagicBell logo"
            fill="currentColor"
            height="16"
            role="img"
            viewBox="0 0 516 100"
            width="64"
            xmlns="http://www.w3.org/2000/svg"
          >
            <path
              clip-rule="evenodd"
              d="M1.77 72.8a1.73 1.73 0 01-1.53-2.61l2.79-5s0 .09 4.22-7.55c3.2-5.42 6.2-12.25 6.2-20.25V26.6c0-11.05 9-26.6 26.61-26.6 9.88 0 17 4.49 21.39 10.52a.68.68 0 01.36.09l9.64 2.69a2.55 2.55 0 011.17 4.23l-5.93 6c.09 1.08.18 2.06.18 3.14v10.7c0 7.46 2.52 13.84 5.3 19l3.78 8.27s0-.09 2.6 5.57a1.76 1.76 0 01-1.61 2.52l-75.17.07zM18.85 62h2.24c4.86 0 36-4.49 36-33.34 0-7.64-5.66-17.08-17.07-17.08s-17.08 10-17.08 17.08v6.92c0 5.12-.09 10.52-2.42 16.72-.9 2.24-2.25 5-3.24 7a1.84 1.84 0 001.57 2.7zm-1 21.58a1.59 1.59 0 00-1.51 2.2v.1a22.83 22.83 0 005.35 7.37 25.108 25.108 0 008.07 5 26.818 26.818 0 0019.06 0 25.27 25.27 0 008.08-5 23 23 0 005.35-7.37v-.1a1.578 1.578 0 00-1.51-2.2h-7.46a2 2 0 00-1.58.86 13.63 13.63 0 01-1.92 2.18 15 15 0 01-4.79 3 15.87 15.87 0 01-11.3 0 15 15 0 01-4.79-3 14.157 14.157 0 01-1.92-2.18 1.93 1.93 0 00-1.53-.86h-7.6z"
              fill-rule="evenodd"
            />
            <path
              d="M491.772 9.82h-6.29a1.8 1.8 0 00-1.8 1.8v60.21a1.8 1.8 0 001.8 1.8h6.29a1.8 1.8 0 001.8-1.8V11.62a1.8 1.8 0 00-1.8-1.8zM180.451 73.63h-6.29a1.798 1.798 0 01-1.8-1.79V25.38a.448.448 0 00-.654-.396.45.45 0 00-.206.216l-12.92 29.54a1.787 1.787 0 01-1.65 1.07h-7.48a1.777 1.777 0 01-1.65-1.07L134.621 25a.45.45 0 00-.86.18v46.66a1.799 1.799 0 01-1.8 1.79h-6.29a1.798 1.798 0 01-1.8-1.79V11.62a1.811 1.811 0 011.8-1.8h11.88a1.8 1.8 0 011.65 1.08l13.55 30.83a.447.447 0 00.415.276.449.449 0 00.415-.276l13.27-30.82a1.821 1.821 0 011.66-1.09h11.94a1.8 1.8 0 011.8 1.8v60.22a1.8 1.8 0 01-.528 1.27 1.781 1.781 0 01-1.272.52zm333.2-63.81h-6.29a1.8 1.8 0 00-1.8 1.8v60.21a1.8 1.8 0 001.8 1.8h6.29a1.8 1.8 0 001.8-1.8V11.62a1.8 1.8 0 00-1.8-1.8zm-93.279 40.23a14.48 14.48 0 00-2.78-4.86 15.75 15.75 0 00-4.68-3.59 10.513 10.513 0 00-1.46-.6 20.37 20.37 0 00-2.57-.85c-.934-.15-1.876-.25-2.82-.3a.22.22 0 01-.22-.22.216.216 0 01.133-.213.218.218 0 01.087-.017 11.75 11.75 0 002.22-.57c.42-.16.84-.34 1.25-.53a11.27 11.27 0 001.09-.56 15.782 15.782 0 003.5-2.87 12.28 12.28 0 002.48-3.87c.626-1.574.932-3.257.9-4.95 0-5.31-2-9.27-5.85-12.06-3.85-2.79-9.09-4.13-15.75-4.13h-13.69a1.788 1.788 0 00-1.76 1.76h-.27v60.21a1.81 1.81 0 001.79 1.81h17.29c2.918.034 5.826-.36 8.63-1.17a21.302 21.302 0 007-3.43 14.7 14.7 0 004.69-5.58 16.826 16.826 0 001.7-7.83 16.552 16.552 0 00-.91-5.58zm-30.05-29.61a1.807 1.807 0 011.8-1.8h3.41a13.8 13.8 0 017.92 2.07c2 1.36 3 3.51 3 6.39a8.546 8.546 0 01-2.61 6.57c-1.72 1.63-4.32 2.43-7.74 2.43h-4a1.802 1.802 0 01-1.8-1.79l.02-13.87zm17.18 41.76c-1.88 1.8-4.67 2.7-8.45 2.7h-6.84a1.81 1.81 0 01-1.8-1.8V46.63a1.807 1.807 0 011.8-1.8h5.94c3.95 0 6.93.9 9 2.71a9.076 9.076 0 013.07 7.29 10.015 10.015 0 01-2.72 7.37zm-58.891-34.04a22 22 0 018 1.35 20.286 20.286 0 015.84 3.41 16.373 16.373 0 013.77 4.58 18.482 18.482 0 011.62 3.69.928.928 0 01-.9 1.17h-7.91a1.897 1.897 0 01-1.62-1 9.8 9.8 0 00-4-3.87 12.139 12.139 0 00-13.3 2.16 15.26 15.26 0 00-4.4 11.06 14.872 14.872 0 006.74 12.59 11.998 11.998 0 006.25 1.7c2.78 0 4.94-.63 6.47-2a12.785 12.785 0 002.87-3.51 1.736 1.736 0 011.53-.9h7.88a.892.892 0 01.81 1.26 27.933 27.933 0 01-2.07 4.41 20.468 20.468 0 01-4 4.76 19.534 19.534 0 01-5.84 3.33 23.275 23.275 0 01-7.82 1.25 24.747 24.747 0 01-9-1.61 19.527 19.527 0 01-7.19-4.68 20.684 20.684 0 01-4.76-7.19 24 24 0 01-1.71-9.34c-.029-2.97.507-5.92 1.58-8.69a22.502 22.502 0 014.49-7.19 20.002 20.002 0 017.1-4.86 22.152 22.152 0 019.57-1.88zM311.352 9.98h-1.07a5.02 5.02 0 00-5.02 5.02v.03a5.02 5.02 0 005.02 5.02h1.07a5.02 5.02 0 005.02-5.02V15a5.02 5.02 0 00-5.02-5.02zm2.529 18.34h-6.21a1.8 1.8 0 00-1.8 1.8V72a1.8 1.8 0 001.8 1.8h6.21a1.8 1.8 0 001.8-1.8V30.12a1.8 1.8 0 00-1.8-1.8zm138.419-.16a21 21 0 019.54 2 20.408 20.408 0 016.67 5.13 20.992 20.992 0 013.87 7.12 24.435 24.435 0 011.26 8v1.17a1.811 1.811 0 01-1.8 1.8h-29.18a1.855 1.855 0 00-1.393.669 1.855 1.855 0 00-.407 1.49c.174.898.446 1.773.81 2.61a13.625 13.625 0 002.79 4 13.852 13.852 0 004.05 2.7 11.237 11.237 0 004.87 1 11.88 11.88 0 005.58-1.26 11.46 11.46 0 003.42-2.88 1.883 1.883 0 011.44-.72h7.93a.917.917 0 01.916.896.912.912 0 01-.106.455 34.624 34.624 0 01-2.11 3.37 17.758 17.758 0 01-4.15 4.05 20.816 20.816 0 01-5.67 2.79 22.407 22.407 0 01-7.2 1.08 23.368 23.368 0 01-9.1-1.71 22.352 22.352 0 01-7.2-4.77 22.07 22.07 0 01-4.68-7.29 26.313 26.313 0 01-1.71-9.37 24.373 24.373 0 011.44-8.55 22.56 22.56 0 014.27-7.12A20.252 20.252 0 01443.2 30a21.319 21.319 0 019.1-1.84zm0 7.47a10.74 10.74 0 00-4.6.9 12.005 12.005 0 00-3.51 2.34 10.581 10.581 0 00-2.34 3.34 9.559 9.559 0 00-.63 1.71 1.745 1.745 0 00.278 1.563 1.739 1.739 0 001.432.687h18.64a1.77 1.77 0 001.71-2.25 11.534 11.534 0 00-6.57-7.48 11.661 11.661 0 00-4.41-.81zM228.341 30v4a.438.438 0 01-.287.423.44.44 0 01-.493-.133c-.46-.52-1-1-1.48-1.58a14.818 14.818 0 00-3-2.31 17.44 17.44 0 00-3.88-1.65 17.008 17.008 0 00-4.81-.62 20.608 20.608 0 00-8.18 1.64 20.917 20.917 0 00-6.76 4.62 21.275 21.275 0 00-4.58 7.11 24.481 24.481 0 00-1.69 9.26 25.154 25.154 0 001.82 10 21.997 21.997 0 004.76 7.16 19.298 19.298 0 006.59 4.32 19.886 19.886 0 007.29 1.42 17.14 17.14 0 008.86-2.09 23.029 23.029 0 005.05-4 .45.45 0 01.77.31v4a1.798 1.798 0 001.8 1.79h6.33a1.8 1.8 0 001.8-1.79V30a1.803 1.803 0 00-1.8-1.79h-6.29a1.8 1.8 0 00-1.82 1.79zm0 25.5a10.7 10.7 0 01-.44 1.23 14.142 14.142 0 01-2.8 4.36 12.612 12.612 0 01-4 2.84 14.359 14.359 0 01-5.73 1 12.366 12.366 0 01-4.79-1.18 11.64 11.64 0 01-4-3.21 13.211 13.211 0 01-2.4-4.54 18.2 18.2 0 01-.75-5.2c.002-1.735.276-3.46.81-5.11a13.713 13.713 0 012.4-4.54 11.64 11.64 0 014-3.21 12.939 12.939 0 015.81-1.24 12.002 12.002 0 014.9 1 11.71 11.71 0 014 2.88 13.68 13.68 0 012.67 4.54c.136.357.253.72.35 1.09.43 1.56.642 3.172.63 4.79a14.914 14.914 0 01-.66 4.45v.05zm55.03-25.5v4a.452.452 0 01-.79.29c-.45-.52-.94-1-1.48-1.58a14.54 14.54 0 00-3-2.31 17.35 17.35 0 00-3.87-1.65 17.003 17.003 0 00-4.81-.62 20.618 20.618 0 00-14.9 6.23 21.29 21.29 0 00-4.58 7.11 24.321 24.321 0 00-1.69 9.26c-.08 3.422.54 6.825 1.82 10a21.996 21.996 0 004.76 7.16 19.372 19.372 0 006.58 4.32 19.998 19.998 0 007.3 1.42 17.07 17.07 0 008.85-2.09 22.993 22.993 0 005.06-4 .45.45 0 01.77.31v6.37c.01.19.01.38 0 .57a12.692 12.692 0 01-12.74 12 16.071 16.071 0 01-9.47-2.79 5.679 5.679 0 01-1.83-2.15 1.825 1.825 0 00-1.68-1.19h-7.52a.906.906 0 00-.859.626.893.893 0 00-.041.374c.144 1.849.69 3.644 1.6 5.26.215.396.452.78.71 1.15 3.8 5.5 11.63 8.69 19.05 8.69a22.599 22.599 0 0022.62-21.39V30a1.782 1.782 0 00-1.086-1.696 1.798 1.798 0 00-.694-.144h-6.29a1.794 1.794 0 00-1.668 1.14 1.783 1.783 0 00-.122.7zm-.44 26.73a14.162 14.162 0 01-2.81 4.27 12.523 12.523 0 01-4 2.85c-1.497.67-3.12 1.01-4.76 1a12.908 12.908 0 01-5.74-1.21 11.688 11.688 0 01-4.05-3.21 12.992 12.992 0 01-2.36-4.43 18.2 18.2 0 01-.75-5.2 16.662 16.662 0 01.8-5.11 13.732 13.732 0 012.4-4.54 11.69 11.69 0 014.05-3.21 12.911 12.911 0 015.74-1.24 12.063 12.063 0 014.9 1 11.701 11.701 0 014 2.88 13.663 13.663 0 012.67 4.54c.13.36.25.72.35 1.09a17.43 17.43 0 01.63 4.66V51a14.9 14.9 0 01-.63 4.42c-.125.427-.272.848-.44 1.26v.05z"
            />
          </svg>
        </a>
      </div>
    </div>
  </div>
</div>
`;
