// Jest Snapshot v1, https://goo.gl/fbAQLP

exports[`components EnablePushNotificationsButton render renders a styled button 1`] = `
.emotion-0 {
  padding: 10px!important;
  border-radius: 4px!important;
  background: #3498F4!important;
  color: white!important;
}

<div>
  <button
    class="emotion-0"
  >
    Enable Now
  </button>
</div>
`;
