// Jest Snapshot v1, https://goo.gl/fbAQLP

exports[`components EnablePushNotificationsBanner .closeBanner closes the banner 1`] = `<div />`;

exports[`components EnablePushNotificationsBanner render the user did not enable push notifications before renders a button to enable push notifications 1`] = `
.emotion-0 {
  padding: 14px 24px!important;
  display: -webkit-box;
  display: -webkit-flex;
  display: -ms-flexbox;
  display: flex;
  text-align: left;
  -webkit-align-items: center;
  -webkit-box-align: center;
  -ms-flex-align: center;
  align-items: center;
  background: rgba(52, 152, 244, 0.1);
  color: #3A424D!important;
  font-family: -apple-system,BlinkMacSystemFont,"Segoe UI",Roboto,Oxygen-Sans,Ubuntu,Cantarell,"Helvetica Neue",sans-serif!important;
  text-align: left!important;
  font-size: 14px!important;
}

.emotion-0>* {
  margin-left: 1rem;
}

.emotion-1 {
  padding: 10px!important;
  border-radius: 4px!important;
  background: #3498F4!important;
  color: white!important;
}

.emotion-2 {
  display: -webkit-box;
  display: -webkit-flex;
  display: -ms-flexbox;
  display: flex;
  -webkit-align-items: center;
  -webkit-box-align: center;
  -ms-flex-align: center;
  align-items: center;
}

.emotion-2 svg {
  height: 24px;
}

<div>
  <div
    class="emotion-0"
  >
    <p
      style="flex: 1;"
    >
      By enabling browser notifications, youâ€™ll stay up to date even better.
    </p>
    <button
      class="emotion-1"
    >
      Enable Now
    </button>
    <button
      class="emotion-2"
    >
      <svg
        fill="none"
        stroke="currentColor"
        viewBox="0 0 24 24"
        xmlns="http://www.w3.org/2000/svg"
      >
        <path
          d="M6 18L18 6M6 6l12 12"
          stroke-linecap="round"
          stroke-linejoin="round"
          stroke-width="2"
        />
      </svg>
    </button>
  </div>
</div>
`;

exports[`components EnablePushNotificationsBanner render the user has enabled push notifications before does not render anything 1`] = `<div />`;

exports[`components EnablePushNotificationsBanner render the web push channel is disabled does not render anything 1`] = `<div />`;
